{
  "version": "1.5.0",
  "plugins_used": [
    {
      "name": "ArtifactoryDetector"
    },
    {
      "name": "AWSKeyDetector"
    },
    {
      "name": "AzureStorageKeyDetector"
    },
    {
      "name": "Base64HighEntropyString",
      "limit": 4.5
    },
    {
      "name": "BasicAuthDetector"
    },
    {
      "name": "CloudantDetector"
    },
    {
      "name": "DiscordBotTokenDetector"
    },
    {
      "name": "GitHubTokenDetector"
    },
    {
      "name": "GitLabTokenDetector"
    },
    {
      "name": "HexHighEntropyString",
      "limit": 3.0
    },
    {
      "name": "IbmCloudIamDetector"
    },
    {
      "name": "IbmCosHmacDetector"
    },
    {
      "name": "IPPublicDetector"
    },
    {
      "name": "JwtTokenDetector"
    },
    {
      "name": "KeywordDetector",
      "keyword_exclude": ""
    },
    {
      "name": "MailchimpDetector"
    },
    {
      "name": "NpmDetector"
    },
    {
      "name": "OpenAIDetector"
    },
    {
      "name": "PrivateKeyDetector"
    },
    {
      "name": "PypiTokenDetector"
    },
    {
      "name": "SendGridDetector"
    },
    {
      "name": "SlackDetector"
    },
    {
      "name": "SoftlayerDetector"
    },
    {
      "name": "SquareOAuthDetector"
    },
    {
      "name": "StripeDetector"
    },
    {
      "name": "TelegramBotTokenDetector"
    },
    {
      "name": "TwilioKeyDetector"
    }
  ],
  "filters_used": [
    {
      "path": "detect_secrets.filters.allowlist.is_line_allowlisted"
    },
    {
      "path": "detect_secrets.filters.common.is_ignored_due_to_verification_policies",
      "min_level": 2
    },
    {
      "path": "detect_secrets.filters.heuristic.is_indirect_reference"
    },
    {
      "path": "detect_secrets.filters.heuristic.is_likely_id_string"
    },
    {
      "path": "detect_secrets.filters.heuristic.is_lock_file"
    },
    {
      "path": "detect_secrets.filters.heuristic.is_not_alphanumeric_string"
    },
    {
      "path": "detect_secrets.filters.heuristic.is_potential_uuid"
    },
    {
      "path": "detect_secrets.filters.heuristic.is_prefixed_with_dollar_sign"
    },
    {
      "path": "detect_secrets.filters.heuristic.is_sequential_string"
    },
    {
      "path": "detect_secrets.filters.heuristic.is_swagger_file"
    },
    {
      "path": "detect_secrets.filters.heuristic.is_templated_secret"
    },
    {
      "path": "detect_secrets.filters.regex.should_exclude_file",
      "pattern": [
        "pyproject\\.toml|\\.github/workflows/config/\\.secrets\\.baseline"
      ]
    }
  ],
  "results": {
    ".claude/skills/getting-started/SKILL.md": [
      {
        "type": "Secret Keyword",
        "filename": ".claude/skills/getting-started/SKILL.md",
        "hashed_secret": "a8253456364f1bfc7da7ae4a1db5b45d106317a5",
        "is_verified": false,
        "line_number": 212
      },
      {
        "type": "Secret Keyword",
        "filename": ".claude/skills/getting-started/SKILL.md",
        "hashed_secret": "37e1a674c25d562bf64fb6866f496854bfb09704",
        "is_verified": false,
        "line_number": 283
      }
    ],
    "fern/versions/main/pages/curate-text/synthetic/index.mdx": [
      {
        "type": "Secret Keyword",
        "filename": "fern/versions/main/pages/curate-text/synthetic/index.mdx",
        "hashed_secret": "6d9c68c603e465077bdd49c62347fe54717f83a3",
        "is_verified": false,
        "line_number": 72
      }
    ],
    "fern/versions/main/pages/curate-text/synthetic/inference-server.mdx": [
      {
        "type": "Secret Keyword",
        "filename": "fern/versions/main/pages/curate-text/synthetic/inference-server.mdx",
        "hashed_secret": "ce7501007f04a6529e650f1f1b3fc0586d1d94eb",
        "is_verified": false,
        "line_number": 422
      }
    ],
    "fern/versions/main/pages/curate-text/synthetic/llm-client.mdx": [
      {
        "type": "Secret Keyword",
        "filename": "fern/versions/main/pages/curate-text/synthetic/llm-client.mdx",
        "hashed_secret": "e6bdb3f031eea3001ca83dd43d7d49d65a7a6ce5",
        "is_verified": false,
        "line_number": 32
      },
      {
        "type": "Secret Keyword",
        "filename": "fern/versions/main/pages/curate-text/synthetic/llm-client.mdx",
        "hashed_secret": "2083c49ad8d63838a4d18f1de0c419f06eb464db",
        "is_verified": false,
        "line_number": 43
      },
      {
        "type": "Secret Keyword",
        "filename": "fern/versions/main/pages/curate-text/synthetic/llm-client.mdx",
        "hashed_secret": "ec3810e10fb78db55ce38b9c18d1c3eb1db739e0",
        "is_verified": false,
        "line_number": 127
      },
      {
        "type": "Secret Keyword",
        "filename": "fern/versions/main/pages/curate-text/synthetic/llm-client.mdx",
        "hashed_secret": "11fa7c37d697f30e6aee828b4426a10f83ab2380",
        "is_verified": false,
        "line_number": 134
      },
      {
        "type": "Secret Keyword",
        "filename": "fern/versions/main/pages/curate-text/synthetic/llm-client.mdx",
        "hashed_secret": "ce7501007f04a6529e650f1f1b3fc0586d1d94eb",
        "is_verified": false,
        "line_number": 155
      }
    ],
    "fern/versions/main/pages/curate-text/synthetic/multilingual-qa.mdx": [
      {
        "type": "Secret Keyword",
        "filename": "fern/versions/main/pages/curate-text/synthetic/multilingual-qa.mdx",
        "hashed_secret": "2083c49ad8d63838a4d18f1de0c419f06eb464db",
        "is_verified": false,
        "line_number": 28
      }
    ],
    "fern/versions/main/pages/curate-text/synthetic/nemo-data-designer.mdx": [
      {
        "type": "Secret Keyword",
        "filename": "fern/versions/main/pages/curate-text/synthetic/nemo-data-designer.mdx",
        "hashed_secret": "ce7501007f04a6529e650f1f1b3fc0586d1d94eb",
        "is_verified": false,
        "line_number": 188
      }
    ],
    "fern/versions/v26.02/pages/curate-text/synthetic/index.mdx": [
      {
        "type": "Secret Keyword",
        "filename": "fern/versions/v26.02/pages/curate-text/synthetic/index.mdx",
        "hashed_secret": "6d9c68c603e465077bdd49c62347fe54717f83a3",
        "is_verified": false,
        "line_number": 68
      }
    ],
    "fern/versions/v26.02/pages/curate-text/synthetic/llm-client.mdx": [
      {
        "type": "Secret Keyword",
        "filename": "fern/versions/v26.02/pages/curate-text/synthetic/llm-client.mdx",
        "hashed_secret": "e6bdb3f031eea3001ca83dd43d7d49d65a7a6ce5",
        "is_verified": false,
        "line_number": 32
      },
      {
        "type": "Secret Keyword",
        "filename": "fern/versions/v26.02/pages/curate-text/synthetic/llm-client.mdx",
        "hashed_secret": "2083c49ad8d63838a4d18f1de0c419f06eb464db",
        "is_verified": false,
        "line_number": 43
      },
      {
        "type": "Secret Keyword",
        "filename": "fern/versions/v26.02/pages/curate-text/synthetic/llm-client.mdx",
        "hashed_secret": "ec3810e10fb78db55ce38b9c18d1c3eb1db739e0",
        "is_verified": false,
        "line_number": 126
      },
      {
        "type": "Secret Keyword",
        "filename": "fern/versions/v26.02/pages/curate-text/synthetic/llm-client.mdx",
        "hashed_secret": "11fa7c37d697f30e6aee828b4426a10f83ab2380",
        "is_verified": false,
        "line_number": 133
      }
    ],
    "fern/versions/v26.02/pages/curate-text/synthetic/multilingual-qa.mdx": [
      {
        "type": "Secret Keyword",
        "filename": "fern/versions/v26.02/pages/curate-text/synthetic/multilingual-qa.mdx",
        "hashed_secret": "2083c49ad8d63838a4d18f1de0c419f06eb464db",
        "is_verified": false,
        "line_number": 28
      }
    ],
    "fern/versions/v26.04/pages/curate-text/synthetic/index.mdx": [
      {
        "type": "Secret Keyword",
        "filename": "fern/versions/v26.04/pages/curate-text/synthetic/index.mdx",
        "hashed_secret": "6d9c68c603e465077bdd49c62347fe54717f83a3",
        "is_verified": false,
        "line_number": 72
      }
    ],
    "fern/versions/v26.04/pages/curate-text/synthetic/inference-server.mdx": [
      {
        "type": "Secret Keyword",
        "filename": "fern/versions/v26.04/pages/curate-text/synthetic/inference-server.mdx",
        "hashed_secret": "ce7501007f04a6529e650f1f1b3fc0586d1d94eb",
        "is_verified": false,
        "line_number": 173
      }
    ],
    "fern/versions/v26.04/pages/curate-text/synthetic/llm-client.mdx": [
      {
        "type": "Secret Keyword",
        "filename": "fern/versions/v26.04/pages/curate-text/synthetic/llm-client.mdx",
        "hashed_secret": "e6bdb3f031eea3001ca83dd43d7d49d65a7a6ce5",
        "is_verified": false,
        "line_number": 32
      },
      {
        "type": "Secret Keyword",
        "filename": "fern/versions/v26.04/pages/curate-text/synthetic/llm-client.mdx",
        "hashed_secret": "2083c49ad8d63838a4d18f1de0c419f06eb464db",
        "is_verified": false,
        "line_number": 43
      },
      {
        "type": "Secret Keyword",
        "filename": "fern/versions/v26.04/pages/curate-text/synthetic/llm-client.mdx",
        "hashed_secret": "ec3810e10fb78db55ce38b9c18d1c3eb1db739e0",
        "is_verified": false,
        "line_number": 127
      },
      {
        "type": "Secret Keyword",
        "filename": "fern/versions/v26.04/pages/curate-text/synthetic/llm-client.mdx",
        "hashed_secret": "11fa7c37d697f30e6aee828b4426a10f83ab2380",
        "is_verified": false,
        "line_number": 134
      },
      {
        "type": "Secret Keyword",
        "filename": "fern/versions/v26.04/pages/curate-text/synthetic/llm-client.mdx",
        "hashed_secret": "ce7501007f04a6529e650f1f1b3fc0586d1d94eb",
        "is_verified": false,
        "line_number": 155
      }
    ],
    "fern/versions/v26.04/pages/curate-text/synthetic/multilingual-qa.mdx": [
      {
        "type": "Secret Keyword",
        "filename": "fern/versions/v26.04/pages/curate-text/synthetic/multilingual-qa.mdx",
        "hashed_secret": "2083c49ad8d63838a4d18f1de0c419f06eb464db",
        "is_verified": false,
        "line_number": 28
      }
    ],
    "fern/versions/v26.04/pages/curate-text/synthetic/nemo-data-designer.mdx": [
      {
        "type": "Secret Keyword",
        "filename": "fern/versions/v26.04/pages/curate-text/synthetic/nemo-data-designer.mdx",
        "hashed_secret": "ce7501007f04a6529e650f1f1b3fc0586d1d94eb",
        "is_verified": false,
        "line_number": 183
      }
    ],
    "fern/versions/v26.07/pages/curate-text/synthetic/index.mdx": [
      {
        "type": "Secret Keyword",
        "filename": "fern/versions/v26.07/pages/curate-text/synthetic/index.mdx",
        "hashed_secret": "6d9c68c603e465077bdd49c62347fe54717f83a3",
        "is_verified": false,
        "line_number": 72
      }
    ],
    "fern/versions/v26.07/pages/curate-text/synthetic/inference-server.mdx": [
      {
        "type": "Secret Keyword",
        "filename": "fern/versions/v26.07/pages/curate-text/synthetic/inference-server.mdx",
        "hashed_secret": "ce7501007f04a6529e650f1f1b3fc0586d1d94eb",
        "is_verified": false,
        "line_number": 377
      }
    ],
    "fern/versions/v26.07/pages/curate-text/synthetic/llm-client.mdx": [
      {
        "type": "Secret Keyword",
        "filename": "fern/versions/v26.07/pages/curate-text/synthetic/llm-client.mdx",
        "hashed_secret": "e6bdb3f031eea3001ca83dd43d7d49d65a7a6ce5",
        "is_verified": false,
        "line_number": 32
      },
      {
        "type": "Secret Keyword",
        "filename": "fern/versions/v26.07/pages/curate-text/synthetic/llm-client.mdx",
        "hashed_secret": "2083c49ad8d63838a4d18f1de0c419f06eb464db",
        "is_verified": false,
        "line_number": 43
      },
      {
        "type": "Secret Keyword",
        "filename": "fern/versions/v26.07/pages/curate-text/synthetic/llm-client.mdx",
        "hashed_secret": "ec3810e10fb78db55ce38b9c18d1c3eb1db739e0",
        "is_verified": false,
        "line_number": 127
      },
      {
        "type": "Secret Keyword",
        "filename": "fern/versions/v26.07/pages/curate-text/synthetic/llm-client.mdx",
        "hashed_secret": "11fa7c37d697f30e6aee828b4426a10f83ab2380",
        "is_verified": false,
        "line_number": 134
      },
      {
        "type": "Secret Keyword",
        "filename": "fern/versions/v26.07/pages/curate-text/synthetic/llm-client.mdx",
        "hashed_secret": "ce7501007f04a6529e650f1f1b3fc0586d1d94eb",
        "is_verified": false,
        "line_number": 155
      }
    ],
    "fern/versions/v26.07/pages/curate-text/synthetic/multilingual-qa.mdx": [
      {
        "type": "Secret Keyword",
        "filename": "fern/versions/v26.07/pages/curate-text/synthetic/multilingual-qa.mdx",
        "hashed_secret": "2083c49ad8d63838a4d18f1de0c419f06eb464db",
        "is_verified": false,
        "line_number": 28
      }
    ],
    "fern/versions/v26.07/pages/curate-text/synthetic/nemo-data-designer.mdx": [
      {
        "type": "Secret Keyword",
        "filename": "fern/versions/v26.07/pages/curate-text/synthetic/nemo-data-designer.mdx",
        "hashed_secret": "ce7501007f04a6529e650f1f1b3fc0586d1d94eb",
        "is_verified": false,
        "line_number": 185
      }
    ],
    "nemo_curator/models/nemotron_h_vl.py": [
      {
        "type": "Hex High Entropy String",
        "filename": "nemo_curator/models/nemotron_h_vl.py",
        "hashed_secret": "7e44041c8ec081054af6ccf0758efa3771e99123",
        "is_verified": false,
        "line_number": 52
      },
      {
        "type": "Hex High Entropy String",
        "filename": "nemo_curator/models/nemotron_h_vl.py",
        "hashed_secret": "f1a89dd2b19e1d30ac4fc1a8d1f4993796c9d1e6",
        "is_verified": false,
        "line_number": 54
      },
      {
        "type": "Hex High Entropy String",
        "filename": "nemo_curator/models/nemotron_h_vl.py",
        "hashed_secret": "d7f11e2581dd9d25522592e7cfb9346a749f51f3",
        "is_verified": false,
        "line_number": 55
      }
    ],
    "tests/models/client/test_openai_client.py": [
      {
        "type": "Secret Keyword",
        "filename": "tests/models/client/test_openai_client.py",
        "hashed_secret": "3acfb2c2b433c0ea7ff107e33df91b18e52f960f",
        "is_verified": false,
        "line_number": 41
      }
    ],
    "tutorials/audio/alm/alm_tutorial.ipynb": [
      {
        "type": "Hex High Entropy String",
        "filename": "tutorials/audio/alm/alm_tutorial.ipynb",
        "hashed_secret": "5b62d261471e9fea54e633cf3c67a8ba9f2cccea",
        "is_verified": false,
        "line_number": 1083
      },
      {
        "type": "Base64 High Entropy String",
        "filename": "tutorials/audio/alm/alm_tutorial.ipynb",
        "hashed_secret": "69a2157291809d8a7ac273cf8df038befa52c161",
        "is_verified": false,
        "line_number": 1499
      }
    ],
    "tutorials/audio/fleurs/fleurs_tutorial.ipynb": [
      {
        "type": "Hex High Entropy String",
        "filename": "tutorials/audio/fleurs/fleurs_tutorial.ipynb",
        "hashed_secret": "b158f69d26847139deedc024c3270d8b8fc79d81",
        "is_verified": false,
        "line_number": 232
      },
      {
        "type": "Base64 High Entropy String",
        "filename": "tutorials/audio/fleurs/fleurs_tutorial.ipynb",
        "hashed_secret": "45b1cbaefaa19a0f8d57a797a742ff8e5681b922",
        "is_verified": false,
        "line_number": 323
      }
    ],
    "tutorials/audio/readspeech/readspeech_tutorial.ipynb": [
      {
        "type": "Base64 High Entropy String",
        "filename": "tutorials/audio/readspeech/readspeech_tutorial.ipynb",
        "hashed_secret": "222e7333c391c0c863fd9188ea3c38e92877a1e8",
        "is_verified": false,
        "line_number": 309
      },
      {
        "type": "Base64 High Entropy String",
        "filename": "tutorials/audio/readspeech/readspeech_tutorial.ipynb",
        "hashed_secret": "ca7df517f8a04b81e04b00f60f77fa72a7e4f603",
        "is_verified": false,
        "line_number": 353
      },
      {
        "type": "Base64 High Entropy String",
        "filename": "tutorials/audio/readspeech/readspeech_tutorial.ipynb",
        "hashed_secret": "d64c52dd28794eb7b200a5bb1af41e5a9c3b48c2",
        "is_verified": false,
        "line_number": 405
      },
      {
        "type": "Base64 High Entropy String",
        "filename": "tutorials/audio/readspeech/readspeech_tutorial.ipynb",
        "hashed_secret": "d27e746e9808aa7e463c168079e79cdf85c990b7",
        "is_verified": false,
        "line_number": 477
      }
    ],
    "tutorials/synthetic/README.md": [
      {
        "type": "Secret Keyword",
        "filename": "tutorials/synthetic/README.md",
        "hashed_secret": "aecdccc1cf64595b34e0cc152d238daabb32183a",
        "is_verified": false,
        "line_number": 15
      }
    ],
    "tutorials/text/deduplication/semantic/semantic_e2e.ipynb": [
      {
        "type": "Base64 High Entropy String",
        "filename": "tutorials/text/deduplication/semantic/semantic_e2e.ipynb",
        "hashed_secret": "00ad2e1afc84d1b7c3c139b68f00edd67998232c",
        "is_verified": false,
        "line_number": 653
      }
    ],
    "tutorials/text/deduplication/semantic/semantic_step_by_step.ipynb": [
      {
        "type": "Base64 High Entropy String",
        "filename": "tutorials/text/deduplication/semantic/semantic_step_by_step.ipynb",
        "hashed_secret": "00ad2e1afc84d1b7c3c139b68f00edd67998232c",
        "is_verified": false,
        "line_number": 672
      }
    ]
  },
  "generated_at": "2026-09-09T19:37:37Z"
}
